2018-02-04 12:43:28.557036 FATAL ERROR, UNABLE TO BUILD DOC TREE. FILENAME: reports_isolate-19735722.xml
